
> react-kavia@0.1.0 start
> cross-env EDIT_MODE=true webpack serve --config .ve/webpack.config.js --mode development

<i> [webpack-dev-server] Project is running at:
<i> [webpack-dev-server] Loopback: http://localhost:3000/, http://[::1]:3000/
<i> [webpack-dev-server] On Your Network (IPv4): http://172.17.0.2:3000/
<i> [webpack-dev-server] Content not from webpack is served from './public' directory
Injecting EditorRootWrapper import: ../.ve/EditorRootWrapper
asset bundle.js 1.42 MiB [emitted] (name: main)
asset index.html 1.92 KiB [emitted]
runtime modules 27.5 KiB 14 modules
modules by path ./node_modules/ 1.24 MiB 31 modules
modules by path ./src/ 32.4 KiB
  modules by path ./src/*.css 8.62 KiB 4 modules
  modules by path ./src/*.js 23.8 KiB
    ./src/index.js 530 bytes [built] [code generated]
    ./src/App.js 23.2 KiB [built] [code generated]
modules by path ./.ve/ 15.1 KiB
  modules by path ./.ve/*.js 10.6 KiB 2 modules
  modules by path ./.ve/*.css 2.93 KiB
    ./.ve/EditorOverlay.css 2.25 KiB [built] [code generated]
    ./node_modules/css-loader/dist/cjs.js!./.ve/EditorOverlay.css 697 bytes [built] [code generated]
  ./.ve/EditorOverlay.jsx 1.58 KiB [built] [code generated]
webpack 5.99.9 compiled successfully in 1550 ms
assets by status 1.92 KiB [cached] 1 asset
assets by path *.js 1.48 MiB
  asset bundle.js 1.43 MiB [emitted] (name: main)
  asset main.5a40b139c0cc0acb5918.hot-update.js 47.8 KiB [emitted] [immutable] [hmr] (name: main)
asset main.5a40b139c0cc0acb5918.hot-update.json 28 bytes [emitted] [immutable] [hmr]
Entrypoint main 1.48 MiB = bundle.js 1.43 MiB main.5a40b139c0cc0acb5918.hot-update.js 47.8 KiB
cached modules 1.26 MiB [cached] 41 modules
runtime modules 27.5 KiB 14 modules
./src/App.js 37.8 KiB [built] [code generated]
webpack 5.99.9 compiled successfully in 277 ms
assets by status 1.92 KiB [cached] 1 asset
assets by path *.js 1.49 MiB
  asset bundle.js 1.44 MiB [emitted] (name: main)
  asset main.e8351d5ae5f2f9d8f227.hot-update.js 49.9 KiB [emitted] [immutable] [hmr] (name: main)
asset main.e8351d5ae5f2f9d8f227.hot-update.json 28 bytes [emitted] [immutable] [hmr]
Entrypoint main 1.49 MiB = bundle.js 1.44 MiB main.e8351d5ae5f2f9d8f227.hot-update.js 49.9 KiB
cached modules 1.26 MiB [cached] 41 modules
runtime modules 27.5 KiB 14 modules
./src/App.js 39.5 KiB [built] [code generated]
webpack 5.99.9 compiled successfully in 137 ms
assets by status 1.92 KiB [cached] 1 asset
assets by path *.js 1.49 MiB
  asset bundle.js 1.44 MiB [emitted] (name: main)
  asset main.15bdfebefbf075378a6b.hot-update.js 51.5 KiB [emitted] [immutable] [hmr] (name: main)
asset main.15bdfebefbf075378a6b.hot-update.json 28 bytes [emitted] [immutable] [hmr]
Entrypoint main 1.49 MiB = bundle.js 1.44 MiB main.15bdfebefbf075378a6b.hot-update.js 51.5 KiB
cached modules 1.26 MiB [cached] 41 modules
runtime modules 27.5 KiB 14 modules
./src/App.js 40.8 KiB [built] [code generated]
webpack 5.99.9 compiled successfully in 131 ms
